C51 COMPILER V9.60.7.0   MAIN                                                              03/24/2024 21:10:34 PAGE 1   


C51 COMPILER V9.60.7.0, COMPILATION OF MODULE MAIN
OBJECT MODULE PLACED IN .\Objects\main.obj
COMPILER INVOKED BY: C:\Keil_v5\C51\BIN\C51.EXE main.c OPTIMIZE(8,SPEED) BROWSE DEBUG OBJECTEXTEND PRINT(.\Listings\main
                    -.lst) TABS(2) OBJECT(.\Objects\main.obj)

line level    source

   1          #include <reg51.h>
   2          #include <stdio.h>
   3          
   4          sbit I_Button = P3^2;
   5          
   6          int count = 1;
   7          int i;
   8          
   9          void eio() interrupt 0
  10          {
  11   1        for(i = 0; i < 100; i++);
  12   1      
  13   1        if(count == 15)
  14   1          count = 0;
  15   1        else
  16   1          count += 1;
  17   1        
  18   1        P1 = count;
  19   1      }
  20          
  21          void main(void){
  22   1        //leds = Led0 | Led1 | Led2 | Led3;
  23   1        EX0 = 1;
  24   1        IT0 = 1;
  25   1        EA = 1;
  26   1      
  27   1        I_Button = 1;
  28   1        
  29   1        while(1);
  30   1      }


MODULE INFORMATION:   STATIC OVERLAYABLE
   CODE SIZE        =     60    ----
   CONSTANT SIZE    =   ----    ----
   XDATA SIZE       =   ----    ----
   PDATA SIZE       =   ----    ----
   DATA SIZE        =      4    ----
   IDATA SIZE       =   ----    ----
   BIT SIZE         =   ----    ----
END OF MODULE INFORMATION.


C51 COMPILATION COMPLETE.  0 WARNING(S),  0 ERROR(S)
